// Jest Snapshot v1, https://goo.gl/fbAQLP

exports[`BandMembers should match the snapshot 1`] = `ShallowWrapper {}`;
