// Jest Snapshot v1, https://goo.gl/fbAQLP

exports[`Venues should match snapshot 1`] = `ShallowWrapper {}`;
