// Jest Snapshot v1, https://goo.gl/fbAQLP

exports[`MemberInfo should match the snapshot 1`] = `ShallowWrapper {}`;
