// Jest Snapshot v1, https://goo.gl/fbAQLP

exports[`SubNav should match the snapshot 1`] = `ShallowWrapper {}`;
